// Jest Snapshot v1, https://goo.gl/fbAQLP

exports[`Calculator should match the snapshot 1`] = `
<div
  className="container"
>
  <div
    className="header"
    data-testid="header"
  >
    0
  </div>
  <div
    className="mainContainer"
  >
    <div
      className="button gray small"
      data-testid="button"
      onClick={[Function]}
    >
      AC
    </div>
    <div
      className="button gray small"
      data-testid="button"
      onClick={[Function]}
    >
      +/-
    </div>
    <div
      className="button gray small"
      data-testid="button"
      onClick={[Function]}
    >
      %
    </div>
    <div
      className="button orange small"
      data-testid="button"
      onClick={[Function]}
    >
      /
    </div>
    <div
      className="button gray small"
      data-testid="button"
      onClick={[Function]}
    >
      7
    </div>
    <div
      className="button gray small"
      data-testid="button"
      onClick={[Function]}
    >
      8
    </div>
    <div
      className="button gray small"
      data-testid="button"
      onClick={[Function]}
    >
      9
    </div>
    <div
      className="button orange small"
      data-testid="button"
      onClick={[Function]}
    >
      x
    </div>
    <div
      className="button gray small"
      data-testid="button"
      onClick={[Function]}
    >
      4
    </div>
    <div
      className="button gray small"
      data-testid="button"
      onClick={[Function]}
    >
      5
    </div>
    <div
      className="button gray small"
      data-testid="button"
      onClick={[Function]}
    >
      6
    </div>
    <div
      className="button orange small"
      data-testid="button"
      onClick={[Function]}
    >
      -
    </div>
    <div
      className="button gray small"
      data-testid="button"
      onClick={[Function]}
    >
      1
    </div>
    <div
      className="button gray small"
      data-testid="button"
      onClick={[Function]}
    >
      2
    </div>
    <div
      className="button gray small"
      data-testid="button"
      onClick={[Function]}
    >
      3
    </div>
    <div
      className="button orange small"
      data-testid="button"
      onClick={[Function]}
    >
      +
    </div>
  </div>
  <div
    className="footer"
  >
    <div
      className="button gray large"
      data-testid="button"
      onClick={[Function]}
    >
      0
    </div>
    <div
      className="button gray small"
      data-testid="button"
      onClick={[Function]}
    >
      .
    </div>
    <div
      className="button orange small"
      data-testid="button"
      onClick={[Function]}
    >
      =
    </div>
  </div>
</div>
`;

exports[`should match the snapshot 1`] = `
<div
  className="container"
>
  <div
    className="header"
    data-testid="header"
  >
    0
  </div>
  <div
    className="mainContainer"
  >
    <div
      className="button gray small"
      data-testid="button"
      onClick={[Function]}
    >
      AC
    </div>
    <div
      className="button gray small"
      data-testid="button"
      onClick={[Function]}
    >
      +/-
    </div>
    <div
      className="button gray small"
      data-testid="button"
      onClick={[Function]}
    >
      %
    </div>
    <div
      className="button orange small"
      data-testid="button"
      onClick={[Function]}
    >
      /
    </div>
    <div
      className="button gray small"
      data-testid="button"
      onClick={[Function]}
    >
      7
    </div>
    <div
      className="button gray small"
      data-testid="button"
      onClick={[Function]}
    >
      8
    </div>
    <div
      className="button gray small"
      data-testid="button"
      onClick={[Function]}
    >
      9
    </div>
    <div
      className="button orange small"
      data-testid="button"
      onClick={[Function]}
    >
      x
    </div>
    <div
      className="button gray small"
      data-testid="button"
      onClick={[Function]}
    >
      4
    </div>
    <div
      className="button gray small"
      data-testid="button"
      onClick={[Function]}
    >
      5
    </div>
    <div
      className="button gray small"
      data-testid="button"
      onClick={[Function]}
    >
      6
    </div>
    <div
      className="button orange small"
      data-testid="button"
      onClick={[Function]}
    >
      -
    </div>
    <div
      className="button gray small"
      data-testid="button"
      onClick={[Function]}
    >
      1
    </div>
    <div
      className="button gray small"
      data-testid="button"
      onClick={[Function]}
    >
      2
    </div>
    <div
      className="button gray small"
      data-testid="button"
      onClick={[Function]}
    >
      3
    </div>
    <div
      className="button orange small"
      data-testid="button"
      onClick={[Function]}
    >
      +
    </div>
  </div>
  <div
    className="footer"
  >
    <div
      className="button gray large"
      data-testid="button"
      onClick={[Function]}
    >
      0
    </div>
    <div
      className="button gray small"
      data-testid="button"
      onClick={[Function]}
    >
      .
    </div>
    <div
      className="button orange small"
      data-testid="button"
      onClick={[Function]}
    >
      =
    </div>
  </div>
</div>
`;
